// Jest Snapshot v1, https://goo.gl/fbAQLP

exports[`matches snapshot 1`] = `
<DocumentFragment>
  <div
    class="sc-bdVaJa bDWFJH"
  >
    <a
      href="https://github.com/gojutin/gatsby-starter-typescript-deluxe"
      rel="noopener noreferrer"
      target="_blank"
    >
      <div
        class=" gatsby-image-wrapper"
        style="position: relative; overflow: hidden; display: inline-block;"
      >
        <picture>
          <source />
          <img
            alt="GitHub Icon"
            loading="lazy"
            style="position: absolute; top: 0px; left: 0px; width: 100%; height: 100%; object-fit: cover; object-position: center; opacity: 0; transition: opacity 500ms;"
          />
        </picture>
        <noscript>
          &lt;picture&gt;&lt;source srcset="undefined" /&gt;&lt;img loading="lazy" src="" alt="GitHub Icon" style="position:absolute;top:0;left:0;opacity:1;width:100%;height:100%;object-fit:cover;object-position:center"/&gt;&lt;/picture&gt;
        </noscript>
      </div>
    </a>
  </div>
</DocumentFragment>
`;
